// Jest Snapshot v1, https://goo.gl/fbAQLP

exports[`renders MappingTarget with children 1`] = `
<div
  className="infra-mapping-item-target"
>
  <div>
    hello
  </div>
</div>
`;
